2026-01-13 @ 21-50-53:  [InitializeAirDropAircraft] Aircraft Initialized: 1 / 1
2026-01-13 @ 21-50-53:  [InitializeAirDropAircraft] Aircraft created on 2026-01-13 @ 21-50-53
2026-01-13 @ 21-50-53:  [InitializeAirDropAircraft] Zombie list 'Military' was found containing 5 zombies.
2026-01-13 @ 21-50-53:  [InitializeAirDropAircraft] Spawning Requested Zombies (5).
2026-01-13 @ 21-50-53:  [InitializeAirDropAircraft] Lifespan: Overriden to 60 minute(s).
2026-01-13 @ 21-50-53:  [InitializeAirDropAircraft] Number of Zombies to spawn: 5.
2026-01-13 @ 21-50-53:  [InitializeAirDropAircraft] Aircraft Initialized: Balota @ 5043/2505 (true)
2026-01-13 @ 21-50-53:  ------------------------------------------------------------------------------------------------------------------------------------------------------------------------------------
2026-01-13 @ 21-51-23:  [EOnSpawnZombies] Zombie Spawned [1] ZmbM_PatrolNormal_PautRev @ <5060.376953, 8.350933, 2508.870117>
2026-01-13 @ 21-51-53:  [EOnSpawnZombies] Zombie Spawned [2] ZmbM_PatrolNormal_Flat @ <5095.781738, 7.611043, 2506.843262>
2026-01-13 @ 21-52-23:  [EOnSpawnZombies] Zombie Spawned [3] ZmbM_PatrolNormal_Summer @ <5090.596680, 8.496540, 2527.537842>
2026-01-13 @ 21-52-53:  [EOnSpawnZombies] Zombie Spawned [4] ZmbM_PatrolNormal_Autumn @ <5109.089844, 8.327093, 2485.494873>
2026-01-13 @ 21-53-04:  [EOnBeforeDrop] The Aircraft is 1 Km from Balota, from the North/East (062°). PS @ <6382.573242, 185.134949, 3179.537354>
2026-01-13 @ 21-53-24:  ------------------------------------------------------------------------------------------------------------------------------------------------------------------------------------
2026-01-13 @ 21-53-24:  [EOnDrop] Drop spawned with 5 infected at <5057.148438, 162.733429, 2475.341553>.
2026-01-13 @ 21-53-24:  [EOnDrop] Supplies have been dropped near Balota. RS
2026-01-13 @ 21-54-32:  [EOnBeforeDelete] Aircraft despawned @ <416.406311, 152.000595, 9.819494>
2026-01-13 @ 21-54-32:  [EOnBeforeDelete] Aircraft has flown OFF the map.
2026-01-13 @ 21-54-32:  [~AirdropPlane] Aircraft destroyed.
2026-01-13 @ 21-54-32:  [~AirdropPlane] Aircraft log file closed.
