---------------------------------------------
Log C:\Users\Administrator\Desktop\DayZ-Server\servers\CodigoVermelho\profiles\crash_2026-01-19_16-41-09.log started at 22.01. 11:36:39



------------------------------------
WH001, 22.01 2026 11:36:39
NULL pointer to instance
Class:      'SchanaPartyManagerServer'
Function: '~SchanaPartyManagerServer'
Stack trace:
SchanaModParty/Game/schana_party_manager_server.c:31 Function ~SchanaPartyManagerServer

Runtime mode
CLI params: config serverDZ.cfg.active port 30510 profiles profiles adminlog  freezecheck  dologs  mod @CF;@Advanced Weapon Scopes;@Forward Operator Gear;@MuchFramework;@MuchStuffPack_Fix;@MuchStuffPack;@SNAFU Weapons;@AC-Mod-Pack;@SchanaParty;@ReducedFireWeaponDamage;@DayZRedux;@ZT Vending Machine;@Banking;@Trader;@Code Lock;@VPPAdminTools; 


------------------------------------
WH001, 22.01 2026 11:36:39
NULL pointer to instance
Class:      'SchanaPartyMarkerManagerServer'
Function: '~SchanaPartyMarkerManagerServer'
Stack trace:
SchanaModParty/Game/schana_party_marker_manager_server.c:14 Function ~SchanaPartyMarkerManagerServer

Runtime mode
CLI params: config serverDZ.cfg.active port 30510 profiles profiles adminlog  freezecheck  dologs  mod @CF;@Advanced Weapon Scopes;@Forward Operator Gear;@MuchFramework;@MuchStuffPack_Fix;@MuchStuffPack;@SNAFU Weapons;@AC-Mod-Pack;@SchanaParty;@ReducedFireWeaponDamage;@DayZRedux;@ZT Vending Machine;@Banking;@Trader;@Code Lock;@VPPAdminTools; 
